<html>
<body>
<pre>
<h1>µVision Build Log</h1>
<h2>Project:</h2>
C:\Users\Francisco Jesús\Desktop\P3\Practica3\Practica3\P3.uvproj
Project File Date:  03/09/2016

<h2>Output:</h2>
Rebuild target 'Target 1'
assembling startup_LPC17xx.s...
compiling system_LPC17xx.c...
compiling main.c...
linking...
Program Size: Code=2820 RO-data=236 RW-data=4 ZI-data=612  
".\P3.axf" - 0 Error(s), 0 Warning(s).
Load "C:\\Users\\Francisco Jesús\\Desktop\\P3\\Practica3\\Practica3\\P3.axf" 
Set JLink Project File to "C:\Users\Francisco Jesús\Desktop\P3\Practica3\Practica3\JLinkSettings.ini"
* JLink Info: Device "LPC1768" selected.
 
JLink info:
------------
DLL: V5.10p, compiled Feb 26 2016 19:04:06
Firmware: J-Link ARM-OB STM32 compiled Aug 22 2012 19:52:04
Hardware: V7.00
Feature(s) : RDI,FlashDL,FlashBP,JFlash,GDBFull 
 
* JLink Info: Found SWD-DP with ID 0x2BA01477
* JLink Info: Found Cortex-M3 r2p0, Little endian.
* JLink Info: FPUnit: 6 code (BP) slots and 2 literal slots
* JLink Info: CoreSight components:
* JLink Info: ROMTbl 0 @ E00FF000
* JLink Info: ROMTbl 0 [0]: FFF0F000, CID: B105E00D, PID: 002BB000 SCS
* JLink Info: ROMTbl 0 [1]: FFF02000, CID: B105E00D, PID: 002BB002 DWT
* JLink Info: ROMTbl 0 [2]: FFF03000, CID: B105E00D, PID: 002BB003 FPB
* JLink Info: ROMTbl 0 [3]: FFF01000, CID: B105E00D, PID: 002BB001 ITM
* JLink Info: ROMTbl 0 [4]: FFF41000, CID: B105900D, PID: 002BB923 TPIU-Lite
* JLink Info: ROMTbl 0 [5]: FFF42000, CID: B105900D, PID: 002BB924 ETM-M3
ROMTableAddr = 0xE00FF003
 
Target info:
------------
Device: LPC1768
VTarget = 3.300V
State of Pins: 
TCK: 0, TDI: 0, TDO: 0, TMS: 0, TRES: 1, TRST: 1
Hardware-Breakpoints: 6
Software-Breakpoints: 8192
Watchpoints:          4
JTAG speed: 4000 kHz
 
Erase Done.
Programming Done.
Verify OK.
</pre>
</body>
</html>
 Jesús\\Desktop\\P3\\Practica3\\Practica3\\P3.axf" 
Set JLink Project File to "C:\Users\Francisco Jesús\Desktop\P3\Practica3\Practica3\JLinkSettings.ini"
* JLink Info: Device "LPC1768" selected.
 
JLink info:
------------
DLL: V5.10p, compiled Feb 26 2016 19:04:06
Firmware: J-Link ARM-OB STM32 compiled Aug 22 2012 19:52:04
Hardware: V7.00
Feature(s) : RDI,FlashDL,FlashBP,JFlash,GDBFull 
 
* JLink Info: Found SWD-DP with ID 0x2BA01477
* JLink Info: Found Cortex-M3 r2p0, Little endian.
* JLink Info: FPUnit: 6 code (BP) slots and 2 literal slots
* JLink Info: CoreSight components:
* JLink Info: ROMTbl 0 @ E00FF000
* JLink Info: ROMTbl 0 [0]: FFF0F000, CID: B105E00D, PID: 002BB000 SCS
* JLink Info: ROMTbl 0 [1]: FFF02000, CID: B105E00D, PID: 002BB002 DWT
* JLink Info: ROMTbl 0 [2]: FFF03000, CID: B105E00D, PID: 002BB003 FPB
* JLink Info: ROMTbl 0 [3]: FFF01000, CID: B105E00D, PID: 002BB001 ITM
* JLink Info: ROMTbl 0 [4]: FFF41000, CID: B105900D, PID: 002BB923 TPIU-Lite
* JLink Info: ROMTbl 0 [5]: FFF42000, CID: B105900D, PID: 002BB924 ETM-M3
ROMTableAddr = 0xE00FF003
 
Target info:
------------
Device: LPC1768
VTarget = 3.300V
State of Pins: 
TCK: 0, TDI: 0, TDO: 0, TMS: 0, TRES: 1, TRST: 1
Hardware-Breakpoints: 6
Software-Breakpoints: 8192
Watchpoints:          4
JTAG speed: 4000 kHz
 
Erase Done.
Programming Done.
Verify OK.
Load "C:\\Users\\Francisco Jesús\\Desktop\\P3\\Practica3\\Practica3\\P3.axf" 
Set JLink Project File to "C:\Users\Francisco Jesús\Desktop\P3\Practica3\Practica3\JLinkSettings.ini"
* JLink Info: Device "LPC1768" selected.
 
JLink info:
------------
DLL: V5.10p, compiled Feb 26 2016 19:04:06
Firmware: J-Link ARM-OB STM32 compiled Aug 22 2012 19:52:04
Hardware: V7.00
Feature(s) : RDI,FlashDL,FlashBP,JFlash,GDBFull 
 
* JLink Info: Found SWD-DP with ID 0x2BA01477
* JLink Info: Found Cortex-M3 r2p0, Little endian.
* JLink Info: FPUnit: 6 code (BP) slots and 2 literal slots
* JLink Info: CoreSight components:
* JLink Info: ROMTbl 0 @ E00FF000
* JLink Info: ROMTbl 0 [0]: FFF0F000, CID: B105E00D, PID: 002BB000 SCS
* JLink Info: ROMTbl 0 [1]: FFF02000, CID: B105E00D, PID: 002BB002 DWT
* JLink Info: ROMTbl 0 [2]: FFF03000, CID: B105E00D, PID: 002BB003 FPB
* JLink Info: ROMTbl 0 [3]: FFF01000, CID: B105E00D, PID: 002BB001 ITM
* JLink Info: ROMTbl 0 [4]: FFF41000, CID: B105900D, PID: 002BB923 TPIU-Lite
* JLink Info: ROMTbl 0 [5]: FFF42000, CID: B105900D, PID: 002BB924 ETM-M3
ROMTableAddr = 0xE00FF003
 
Target info:
------------
Device: LPC1768
VTarget = 3.300V
State of Pins: 
TCK: 0, TDI: 0, TDO: 0, TMS: 0, TRES: 1, TRST: 1
Hardware-Breakpoints: 6
Software-Breakpoints: 8192
Watchpoints:          4
JTAG speed: 4000 kHz
 
Erase Done.
Programming Done.
Verify OK.
